
> react-kavia@0.1.0 start
> react-scripts start

(node:940) [DEP_WEBPACK_DEV_SERVER_ON_AFTER_SETUP_MIDDLEWARE] DeprecationWarning: 'onAfterSetupMiddleware' option is deprecated. Please use the 'setupMiddlewares' option.
(Use `node --trace-deprecation ...` to show where the warning was created)
(node:940) [DEP_WEBPACK_DEV_SERVER_ON_BEFORE_SETUP_MIDDLEWARE] DeprecationWarning: 'onBeforeSetupMiddleware' option is deprecated. Please use the 'setupMiddlewares' option.
Starting the development server...

Compiled successfully!

You can now view react-kavia in the browser.

  Local:            http://localhost:3000
  On Your Network:  http://172.17.0.2:3000

Note that the development build is not optimized.
To create a production build, use npm run build.

webpack compiled successfully
Compiling...
Failed to compile.

Module not found: Error: Can't resolve './components/Dashboard' in '/home/kavia/workspace/code-generation/nutritrack-31067-693e2737/nutritrack_frontend/src'
ERROR in ./src/App.js 7:0-47
Module not found: Error: Can't resolve './components/Dashboard' in '/home/kavia/workspace/code-generation/nutritrack-31067-693e2737/nutritrack_frontend/src'

ERROR in ./src/App.js 8:0-43
Module not found: Error: Can't resolve './components/AddMeal' in '/home/kavia/workspace/code-generation/nutritrack-31067-693e2737/nutritrack_frontend/src'

ERROR in ./src/App.js 9:0-53
Module not found: Error: Can't resolve './components/WaterTracker' in '/home/kavia/workspace/code-generation/nutritrack-31067-693e2737/nutritrack_frontend/src'

ERROR in ./src/App.js 10:0-51
Module not found: Error: Can't resolve './components/UserProfile' in '/home/kavia/workspace/code-generation/nutritrack-31067-693e2737/nutritrack_frontend/src'

ERROR in ./src/App.js 11:0-51
Module not found: Error: Can't resolve './components/MealHistory' in '/home/kavia/workspace/code-generation/nutritrack-31067-693e2737/nutritrack_frontend/src'

ERROR in ./src/App.js 12:0-47
Module not found: Error: Can't resolve './components/BottomNav' in '/home/kavia/workspace/code-generation/nutritrack-31067-693e2737/nutritrack_frontend/src'

webpack compiled with 6 errors
Compiling...
Failed to compile.

Module not found: Error: Can't resolve './components/Dashboard' in '/home/kavia/workspace/code-generation/nutritrack-31067-693e2737/nutritrack_frontend/src'
ERROR in ./src/App.js 7:0-47
Module not found: Error: Can't resolve './components/Dashboard' in '/home/kavia/workspace/code-generation/nutritrack-31067-693e2737/nutritrack_frontend/src'

ERROR in ./src/App.js 8:0-43
Module not found: Error: Can't resolve './components/AddMeal' in '/home/kavia/workspace/code-generation/nutritrack-31067-693e2737/nutritrack_frontend/src'

ERROR in ./src/App.js 9:0-53
Module not found: Error: Can't resolve './components/WaterTracker' in '/home/kavia/workspace/code-generation/nutritrack-31067-693e2737/nutritrack_frontend/src'

ERROR in ./src/App.js 10:0-51
Module not found: Error: Can't resolve './components/UserProfile' in '/home/kavia/workspace/code-generation/nutritrack-31067-693e2737/nutritrack_frontend/src'

ERROR in ./src/App.js 11:0-51
Module not found: Error: Can't resolve './components/MealHistory' in '/home/kavia/workspace/code-generation/nutritrack-31067-693e2737/nutritrack_frontend/src'

webpack compiled with 5 errors
Compiling...
Failed to compile.

Module not found: Error: Can't resolve './components/AddMeal' in '/home/kavia/workspace/code-generation/nutritrack-31067-693e2737/nutritrack_frontend/src'
ERROR in ./src/App.js 8:0-43
Module not found: Error: Can't resolve './components/AddMeal' in '/home/kavia/workspace/code-generation/nutritrack-31067-693e2737/nutritrack_frontend/src'

ERROR in ./src/App.js 9:0-53
Module not found: Error: Can't resolve './components/WaterTracker' in '/home/kavia/workspace/code-generation/nutritrack-31067-693e2737/nutritrack_frontend/src'

ERROR in ./src/App.js 10:0-51
Module not found: Error: Can't resolve './components/UserProfile' in '/home/kavia/workspace/code-generation/nutritrack-31067-693e2737/nutritrack_frontend/src'

ERROR in ./src/App.js 11:0-51
Module not found: Error: Can't resolve './components/MealHistory' in '/home/kavia/workspace/code-generation/nutritrack-31067-693e2737/nutritrack_frontend/src'

webpack compiled with 4 errors
Compiling...
Failed to compile.

Module not found: Error: Can't resolve './components/WaterTracker' in '/home/kavia/workspace/code-generation/nutritrack-31067-693e2737/nutritrack_frontend/src'
ERROR in ./src/App.js 9:0-53
Module not found: Error: Can't resolve './components/WaterTracker' in '/home/kavia/workspace/code-generation/nutritrack-31067-693e2737/nutritrack_frontend/src'

ERROR in ./src/App.js 10:0-51
Module not found: Error: Can't resolve './components/UserProfile' in '/home/kavia/workspace/code-generation/nutritrack-31067-693e2737/nutritrack_frontend/src'

ERROR in ./src/App.js 11:0-51
Module not found: Error: Can't resolve './components/MealHistory' in '/home/kavia/workspace/code-generation/nutritrack-31067-693e2737/nutritrack_frontend/src'

webpack compiled with 3 errors
Compiling...
Failed to compile.

Module not found: Error: Can't resolve './components/UserProfile' in '/home/kavia/workspace/code-generation/nutritrack-31067-693e2737/nutritrack_frontend/src'
WARNING in [eslint] 
src/components/WaterTracker.js
  Line 6:10:  'amount' is assigned a value but never used     no-unused-vars
  Line 6:18:  'setAmount' is assigned a value but never used  no-unused-vars

ERROR in ./src/App.js 10:0-51
Module not found: Error: Can't resolve './components/UserProfile' in '/home/kavia/workspace/code-generation/nutritrack-31067-693e2737/nutritrack_frontend/src'

ERROR in ./src/App.js 11:0-51
Module not found: Error: Can't resolve './components/MealHistory' in '/home/kavia/workspace/code-generation/nutritrack-31067-693e2737/nutritrack_frontend/src'

webpack compiled with 2 errors and 1 warning
Compiling...
Failed to compile.

Module not found: Error: Can't resolve './components/MealHistory' in '/home/kavia/workspace/code-generation/nutritrack-31067-693e2737/nutritrack_frontend/src'
WARNING in [eslint] 
src/components/WaterTracker.js
  Line 6:10:  'amount' is assigned a value but never used     no-unused-vars
  Line 6:18:  'setAmount' is assigned a value but never used  no-unused-vars

ERROR in ./src/App.js 11:0-51
Module not found: Error: Can't resolve './components/MealHistory' in '/home/kavia/workspace/code-generation/nutritrack-31067-693e2737/nutritrack_frontend/src'

webpack compiled with 1 error and 1 warning
Compiling...
Compiled with warnings.

[eslint] 
src/components/WaterTracker.js
  Line 6:10:  'amount' is assigned a value but never used     no-unused-vars
  Line 6:18:  'setAmount' is assigned a value but never used  no-unused-vars

Search for the keywords to learn more about each warning.
To ignore, add // eslint-disable-next-line to the line before.

WARNING in [eslint] 
src/components/WaterTracker.js
  Line 6:10:  'amount' is assigned a value but never used     no-unused-vars
  Line 6:18:  'setAmount' is assigned a value but never used  no-unused-vars

webpack compiled with 1 warning
Compiling...
Compiled with warnings.

[eslint] 
src/components/WaterTracker.js
  Line 6:10:  'amount' is assigned a value but never used     no-unused-vars
  Line 6:18:  'setAmount' is assigned a value but never used  no-unused-vars

Search for the keywords to learn more about each warning.
To ignore, add // eslint-disable-next-line to the line before.

WARNING in [eslint] 
src/components/WaterTracker.js
  Line 6:10:  'amount' is assigned a value but never used     no-unused-vars
  Line 6:18:  'setAmount' is assigned a value but never used  no-unused-vars

webpack compiled with 1 warning
Compiling...
Compiled with warnings.

[eslint] 
src/components/WaterTracker.js
  Line 6:10:  'amount' is assigned a value but never used     no-unused-vars
  Line 6:18:  'setAmount' is assigned a value but never used  no-unused-vars

Search for the keywords to learn more about each warning.
To ignore, add // eslint-disable-next-line to the line before.

WARNING in [eslint] 
src/components/WaterTracker.js
  Line 6:10:  'amount' is assigned a value but never used     no-unused-vars
  Line 6:18:  'setAmount' is assigned a value but never used  no-unused-vars

webpack compiled with 1 warning
